../Drivers/STM32F4xx_HAL_Driver/Inc/stm32f4xx_ll_gpio.h:881:22:LL_GPIO_SetOutputPin	16	static
../Drivers/STM32F4xx_HAL_Driver/Inc/stm32f4xx_ll_gpio.h:910:22:LL_GPIO_ResetOutputPin	16	static
../Core/OLED/oled_driver.c:70:6:OLED_WR_Byte	24	static
../Core/OLED/oled_driver.c:95:7:OLED_Set_Pos	16	static
../Core/OLED/oled_driver.c:102:6:OLED_Display_On	8	static
../Core/OLED/oled_driver.c:109:6:OLED_Display_Off	8	static
../Core/OLED/oled_driver.c:116:6:OLED_Clear	16	static
../Core/OLED/oled_driver.c:134:6:OLED_ShowChar	24	static
../Core/OLED/oled_driver.c:156:10:oled_pow	24	static
../Core/OLED/oled_driver.c:168:6:OLED_ShowNum	24	static
../Core/OLED/oled_driver.c:188:6:OLED_ShowString	24	static
../Core/OLED/oled_driver.c:199:6:OLED_ShowCHinese	24	static
../Core/OLED/oled_driver.c:216:6:OLED_DrawBMP	32	static
../Core/OLED/oled_driver.c:235:6:OLED_Init	8	static
